// Jest Snapshot v1, https://goo.gl/fbAQLP

exports[`renders homepage unchanged 1`] = `
<div>
  <div
    class="body-wrapper"
  >
    <main
      class="sc-26553a11-0 dAfTzQ"
    >
      <h1
        aria-label="Welcome to FinChamp!"
        class="sc-5932c438-0 gVHEpO"
        role="heading"
      >
        Welcome to 
        <span
          class="sc-4886bddf-0 eJipwJ"
        >
          Fin
        </span>
        Champ!
      </h1>
      <h3
        class="sc-5932c438-1 ijUpie"
      >
        A perfect solution for growing salaried person who has less/no idea about financial terms.
      </h3>
      <div
        class="grid"
      >
        <a
          class="card"
          href="/taxation"
        >
          <h2>
            Taxation →
          </h2>
          <p>
            Income tax calculation, File IT Return and ways of tax saving.
          </p>
        </a>
        <a
          class="card"
          href="https://nextjs.org/learn"
        >
          <h2>
            Investments →
          </h2>
          <p>
            Learn about Next.js in an interactive course with quizzes!
          </p>
        </a>
        <a
          class="card"
          href="https://github.com/vercel/next.js/tree/canary/examples"
        >
          <h2>
            Insurrance →
          </h2>
          <p>
            Discover and deploy boilerplate example Next.js projects.
          </p>
        </a>
        <a
          class="card"
          href="/calculators/sip"
        >
          <h2>
            Calculators →
          </h2>
          <p>
            Instantly deploy your Next.js site to a public URL with Vercel.
          </p>
        </a>
      </div>
    </main>
    <footer
      class="sc-87a20eb3-0 NoQdE"
    >
      <label
        class="sc-87a20eb3-1 iWHKRA"
      >
        <span>
          Made with 
        </span>
        <svg
          fill="currentColor"
          style="height: 20px;"
          viewBox="0 0 24 24"
          xmlns="http://www.w3.org/2000/svg"
        >
          <path
            d="M11.645 20.91l-.007-.003-.022-.012a15.247 15.247 0 01-.383-.218 25.18 25.18 0 01-4.244-3.17C4.688 15.36 2.25 12.174 2.25 8.25 2.25 5.322 4.714 3 7.688 3A5.5 5.5 0 0112 5.052 5.5 5.5 0 0116.313 3c2.973 0 5.437 2.322 5.437 5.25 0 3.925-2.438 7.111-4.739 9.256a25.175 25.175 0 01-4.244 3.17 15.247 15.247 0 01-.383.219l-.022.012-.007.004-.003.001a.752.752 0 01-.704 0l-.003-.001z"
          />
        </svg>
        <span>
           by Champs
        </span>
      </label>
    </footer>
  </div>
</div>
`;
